// Jest Snapshot v1, https://goo.gl/fbAQLP

exports[`UserSearch Test Suite Snapshot 1`] = `
<div
  className="sc-htpNat fpJEAM"
>
  <div>
    <label>
      Github.com/
    </label>
    <input
      autoFocus={true}
      onChange={[Function]}
      placeholder="Gympass"
    />
    <button
      disabled={true}
      onClick={[Function]}
    >
      Procurar Reposit√≥rios
    </button>
  </div>
  
</div>
`;
